// Jest Snapshot v1, https://goo.gl/fbAQLP

exports[`<TextInput /> should match snapshot 1`] = `
<input
  class="input"
  placeholder="input for search"
  type="search"
  value=""
/>
`;
